Archive member included to satisfy reference by file (symbol)

d:/documents for work/st/stm32cubeide_1.7.0/stm32cubeide/plugins/com.st.stm32cube.ide.mcu.externaltools.gnu-tools-for-stm32.9-2020-q2-update.win32_2.0.0.202105311346/tools/bin/../lib/gcc/arm-none-eabi/9.3.1/../../../../arm-none-eabi/lib/thumb/v7-m/nofp\libc_nano.a(lib_a-errno.o)
                              ./Core/Src/syscalls.o (__errno)
d:/documents for work/st/stm32cubeide_1.7.0/stm32cubeide/plugins/com.st.stm32cube.ide.mcu.externaltools.gnu-tools-for-stm32.9-2020-q2-update.win32_2.0.0.202105311346/tools/bin/../lib/gcc/arm-none-eabi/9.3.1/../../../../arm-none-eabi/lib/thumb/v7-m/nofp\libc_nano.a(lib_a-exit.o)
                              d:/documents for work/st/stm32cubeide_1.7.0/stm32cubeide/plugins/com.st.stm32cube.ide.mcu.externaltools.gnu-tools-for-stm32.9-2020-q2-update.win32_2.0.0.202105311346/tools/bin/../lib/gcc/arm-none-eabi/9.3.1/../../../../arm-none-eabi/lib/thumb/v7-m/nofp/crt0.o (exit)
d:/documents for work/st/stm32cubeide_1.7.0/stm32cubeide/plugins/com.st.stm32cube.ide.mcu.externaltools.gnu-tools-for-stm32.9-2020-q2-update.win32_2.0.0.202105311346/tools/bin/../lib/gcc/arm-none-eabi/9.3.1/../../../../arm-none-eabi/lib/thumb/v7-m/nofp\libc_nano.a(lib_a-impure.o)
                              d:/documents for work/st/stm32cubeide_1.7.0/stm32cubeide/plugins/com.st.stm32cube.ide.mcu.externaltools.gnu-tools-for-stm32.9-2020-q2-update.win32_2.0.0.202105311346/tools/bin/../lib/gcc/arm-none-eabi/9.3.1/../../../../arm-none-eabi/lib/thumb/v7-m/nofp\libc_nano.a(lib_a-exit.o) (_global_impure_ptr)
d:/documents for work/st/stm32cubeide_1.7.0/stm32cubeide/plugins/com.st.stm32cube.ide.mcu.externaltools.gnu-tools-for-stm32.9-2020-q2-update.win32_2.0.0.202105311346/tools/bin/../lib/gcc/arm-none-eabi/9.3.1/../../../../arm-none-eabi/lib/thumb/v7-m/nofp\libc_nano.a(lib_a-init.o)
                              d:/documents for work/st/stm32cubeide_1.7.0/stm32cubeide/plugins/com.st.stm32cube.ide.mcu.externaltools.gnu-tools-for-stm32.9-2020-q2-update.win32_2.0.0.202105311346/tools/bin/../lib/gcc/arm-none-eabi/9.3.1/../../../../arm-none-eabi/lib/thumb/v7-m/nofp/crt0.o (__libc_init_array)
d:/documents for work/st/stm32cubeide_1.7.0/stm32cubeide/plugins/com.st.stm32cube.ide.mcu.externaltools.gnu-tools-for-stm32.9-2020-q2-update.win32_2.0.0.202105311346/tools/bin/../lib/gcc/arm-none-eabi/9.3.1/../../../../arm-none-eabi/lib/thumb/v7-m/nofp\libc_nano.a(lib_a-memset.o)
                              d:/documents for work/st/stm32cubeide_1.7.0/stm32cubeide/plugins/com.st.stm32cube.ide.mcu.externaltools.gnu-tools-for-stm32.9-2020-q2-update.win32_2.0.0.202105311346/tools/bin/../lib/gcc/arm-none-eabi/9.3.1/../../../../arm-none-eabi/lib/thumb/v7-m/nofp/crt0.o (memset)

Allocating common symbols
Common symbol       size              file

SCH_tasks_G         0x320             ./Core/Src/scheduler.o
hi2c1               0x54              ./Core/Src/main.o
countDownA          0x4               ./Core/Src/fsm_setting.o
uwTick              0x4               ./Drivers/STM32F1xx_HAL_Driver/Src/stm32f1xx_hal.o
pFlash              0x20              ./Drivers/STM32F1xx_HAL_Driver/Src/stm32f1xx_hal_flash.o
countDownLEDB       0x4               ./Core/Src/button.o
button_flag         0xc               ./Core/Src/button.o
countDownB          0x4               ./Core/Src/fsm_setting.o
countDownLEDA       0x4               ./Core/Src/button.o
button_long_flag    0xc               ./Core/Src/button.o
htim2               0x48              ./Core/Src/main.o
huart2              0x48              ./Core/Src/main.o

Discarded input sections

 .text          0x0000000000000000        0x0 d:/documents for work/st/stm32cubeide_1.7.0/stm32cubeide/plugins/com.st.stm32cube.ide.mcu.externaltools.gnu-tools-for-stm32.9-2020-q2-update.win32_2.0.0.202105311346/tools/bin/../lib/gcc/arm-none-eabi/9.3.1/thumb/v7-m/nofp/crti.o
 .data          0x0000000000000000        0x0 d:/documents for work/st/stm32cubeide_1.7.0/stm32cubeide/plugins/com.st.stm32cube.ide.mcu.externaltools.gnu-tools-for-stm32.9-2020-q2-update.win32_2.0.0.202105311346/tools/bin/../lib/gcc/arm-none-eabi/9.3.1/thumb/v7-m/nofp/crti.o
 .bss           0x0000000000000000        0x0 d:/documents for work/st/stm32cubeide_1.7.0/stm32cubeide/plugins/com.st.stm32cube.ide.mcu.externaltools.gnu-tools-for-stm32.9-2020-q2-update.win32_2.0.0.202105311346/tools/bin/../lib/gcc/arm-none-eabi/9.3.1/thumb/v7-m/nofp/crti.o
 .data          0x0000000000000000        0x4 d:/documents for work/st/stm32cubeide_1.7.0/stm32cubeide/plugins/com.st.stm32cube.ide.mcu.externaltools.gnu-tools-for-stm32.9-2020-q2-update.win32_2.0.0.202105311346/tools/bin/../lib/gcc/arm-none-eabi/9.3.1/thumb/v7-m/nofp/crtbegin.o
[...]
Memory Configuration

Name             Origin             Length             Attributes
RAM              0x0000000020000000 0x0000000000005000 xrw
FLASH            0x0000000008000000 0x0000000000020000 xr
*default*        0x0000000000000000 0xffffffffffffffff

Linker script and memory map

LOAD d:/documents for work/st/stm32cubeide_1.7.0/stm32cubeide/plugins/com.st.stm32cube.ide.mcu.externaltools.gnu-tools-for-stm32.9-2020-q2-update.win32_2.0.0.202105311346/tools/bin/../lib/gcc/arm-none-eabi/9.3.1/thumb/v7-m/nofp/crti.o
LOAD d:/documents for work/st/stm32cubeide_1.7.0/stm32cubeide/plugins/com.st.stm32cube.ide.mcu.externaltools.gnu-tools-for-stm32.9-2020-q2-update.win32_2.0.0.202105311346/tools/bin/../lib/gcc/arm-none-eabi/9.3.1/thumb/v7-m/nofp/crtbegin.o
LOAD d:/documents for work/st/stm32cubeide_1.7.0/stm32cubeide/plugins/com.st.stm32cube.ide.mcu.externaltools.gnu-tools-for-stm32.9-2020-q2-update.win32_2.0.0.202105311346/tools/bin/../lib/gcc/arm-none-eabi/9.3.1/../../../../arm-none-eabi/lib/thumb/v7-m/nofp/crt0.o
LOAD ./Core/Src/button.o
LOAD ./Core/Src/control_traffic.o
LOAD ./Core/Src/fsm_automatic.o
LOAD ./Core/Src/fsm_lcd.o
LOAD ./Core/Src/fsm_manual.o
LOAD ./Core/Src/fsm_setting.o
LOAD ./Core/Src/global.o
LOAD ./Core/Src/i2c_lcd.o
LOAD ./Core/Src/main.o
LOAD ./Core/Src/scheduler.o
LOAD ./Core/Src/stm32f1xx_hal_msp.o
LOAD ./Core/Src/stm32f1xx_it.o
LOAD ./Core/Src/syscalls.o
LOAD ./Core/Src/sysmem.o
LOAD ./Core/Src/system_stm32f1xx.o
LOAD ./Core/Startup/startup_stm32f103rbtx.o
LOAD ./Drivers/STM32F1xx_HAL_Driver/Src/stm32f1xx_hal.o
LOAD ./Drivers/STM32F1xx_HAL_Driver/Src/stm32f1xx_hal_cortex.o
LOAD ./Drivers/STM32F1xx_HAL_Driver/Src/stm32f1xx_hal_dma.o
LOAD ./Drivers/STM32F1xx_HAL_Driver/Src/stm32f1xx_hal_exti.o
LOAD ./Drivers/STM32F1xx_HAL_Driver/Src/stm32f1xx_hal_flash.o
LOAD ./Drivers/STM32F1xx_HAL_Driver/Src/stm32f1xx_hal_flash_ex.o
LOAD ./Drivers/STM32F1xx_HAL_Driver/Src/stm32f1xx_hal_gpio.o
LOAD ./Drivers/STM32F1xx_HAL_Driver/Src/stm32f1xx_hal_gpio_ex.o
LOAD ./Drivers/STM32F1xx_HAL_Driver/Src/stm32f1xx_hal_i2c.o
LOAD ./Drivers/STM32F1xx_HAL_Driver/Src/stm32f1xx_hal_pwr.o
LOAD ./Drivers/STM32F1xx_HAL_Driver/Src/stm32f1xx_hal_rcc.o
LOAD ./Drivers/STM32F1xx_HAL_Driver/Src/stm32f1xx_hal_rcc_ex.o
LOAD ./Drivers/STM32F1xx_HAL_Driver/Src/stm32f1xx_hal_tim.o
LOAD ./Drivers/STM32F1xx_HAL_Driver/Src/stm32f1xx_hal_tim_ex.o
LOAD ./Drivers/STM32F1xx_HAL_Driver/Src/stm32f1xx_hal_uart.o
START GROUP
LOAD d:/documents for work/st/stm32cubeide_1.7.0/stm32cubeide/plugins/com.st.stm32cube.ide.mcu.externaltools.gnu-tools-for-stm32.9-2020-q2-update.win32_2.0.0.202105311346/tools/bin/../lib/gcc/arm-none-eabi/9.3.1/../../../../arm-none-eabi/lib/thumb/v7-m/nofp\libc_nano.a
LOAD d:/documents for work/st/stm32cubeide_1.7.0/stm32cubeide/plugins/com.st.stm32cube.ide.mcu.externaltools.gnu-tools-for-stm32.9-2020-q2-update.win32_2.0.0.202105311346/tools/bin/../lib/gcc/arm-none-eabi/9.3.1/../../../../arm-none-eabi/lib/thumb/v7-m/nofp\libm.a
END GROUP
START GROUP
LOAD d:/documents for work/st/stm32cubeide_1.7.0/stm32cubeide/plugins/com.st.stm32cube.ide.mcu.externaltools.gnu-tools-for-stm32.9-2020-q2-update.win32_2.0.0.202105311346/tools/bin/../lib/gcc/arm-none-eabi/9.3.1/thumb/v7-m/nofp\libgcc.a
LOAD d:/documents for work/st/stm32cubeide_1.7.0/stm32cubeide/plugins/com.st.stm32cube.ide.mcu.externaltools.gnu-tools-for-stm32.9-2020-q2-update.win32_2.0.0.202105311346/tools/bin/../lib/gcc/arm-none-eabi/9.3.1/../../../../arm-none-eabi/lib/thumb/v7-m/nofp\libc_nano.a
END GROUP
START GROUP
LOAD d:/documents for work/st/stm32cubeide_1.7.0/stm32cubeide/plugins/com.st.stm32cube.ide.mcu.externaltools.gnu-tools-for-stm32.9-2020-q2-update.win32_2.0.0.202105311346/tools/bin/../lib/gcc/arm-none-eabi/9.3.1/thumb/v7-m/nofp\libgcc.a
LOAD d:/documents for work/st/stm32cubeide_1.7.0/stm32cubeide/plugins/com.st.stm32cube.ide.mcu.externaltools.gnu-tools-for-stm32.9-2020-q2-update.win32_2.0.0.202105311346/tools/bin/../lib/gcc/arm-none-eabi/9.3.1/../../../../arm-none-eabi/lib/thumb/v7-m/nofp\libc_nano.a
LOAD d:/documents for work/st/stm32cubeide_1.7.0/stm32cubeide/plugins/com.st.stm32cube.ide.mcu.externaltools.gnu-tools-for-stm32.9-2020-q2-update.win32_2.0.0.202105311346/tools/bin/../lib/gcc/arm-none-eabi/9.3.1/../../../../arm-none-eabi/lib/thumb/v7-m/nofp\libnosys.a
END GROUP
START GROUP
LOAD d:/documents for work/st/stm32cubeide_1.7.0/stm32cubeide/plugins/com.st.stm32cube.ide.mcu.externaltools.gnu-tools-for-stm32.9-2020-q2-update.win32_2.0.0.202105311346/tools/bin/../lib/gcc/arm-none-eabi/9.3.1/thumb/v7-m/nofp\libgcc.a
LOAD d:/documents for work/st/stm32cubeide_1.7.0/stm32cubeide/plugins/com.st.stm32cube.ide.mcu.externaltools.gnu-tools-for-stm32.9-2020-q2-update.win32_2.0.0.202105311346/tools/bin/../lib/gcc/arm-none-eabi/9.3.1/../../../../arm-none-eabi/lib/thumb/v7-m/nofp\libc_nano.a
LOAD d:/documents for work/st/stm32cubeide_1.7.0/stm32cubeide/plugins/com.st.stm32cube.ide.mcu.externaltools.gnu-tools-for-stm32.9-2020-q2-update.win32_2.0.0.202105311346/tools/bin/../lib/gcc/arm-none-eabi/9.3.1/../../../../arm-none-eabi/lib/thumb/v7-m/nofp\libnosys.a
END GROUP
LOAD d:/documents for work/st/stm32cubeide_1.7.0/stm32cubeide/plugins/com.st.stm32cube.ide.mcu.externaltools.gnu-tools-for-stm32.9-2020-q2-update.win32_2.0.0.202105311346/tools/bin/../lib/gcc/arm-none-eabi/9.3.1/thumb/v7-m/nofp/crtend.o
LOAD d:/documents for work/st/stm32cubeide_1.7.0/stm32cubeide/plugins/com.st.stm32cube.ide.mcu.externaltools.gnu-tools-for-stm32.9-2020-q2-update.win32_2.0.0.202105311346/tools/bin/../lib/gcc/arm-none-eabi/9.3.1/thumb/v7-m/nofp/crtn.o
                0x0000000020005000                _estack = (ORIGIN (RAM) + LENGTH (RAM))
                0x0000000000000200                _Min_Heap_Size = 0x200
                0x0000000000000400                _Min_Stack_Size = 0x400

.isr_vector     0x0000000008000000      0x10c
                0x0000000008000000                . = ALIGN (0x4)
 *(.isr_vector)
 .isr_vector    0x0000000008000000      0x10c ./Core/Startup/startup_stm32f103rbtx.o
                0x0000000008000000                g_pfnVectors
                0x000000000800010c                . = ALIGN (0x4)

.text           0x000000000800010c     0x33f8
                0x000000000800010c                . = ALIGN (0x4)
 *(.text)
 .text          0x000000000800010c       0x40 d:/documents for work/st/stm32cubeide_1.7.0/stm32cubeide/plugins/com.st.stm32cube.ide.mcu.externaltools.gnu-tools-for-stm32.9-2020-q2-update.win32_2.0.0.202105311346/tools/bin/../lib/gcc/arm-none-eabi/9.3.1/thumb/v7-m/nofp/crtbegin.o
 *(.text*)
 .text.IsButtonPress
                0x000000000800014c       0x34 ./Core/Src/button.o
                0x000000000800014c                IsButtonPress
 .text.IsButtonLongPress
                0x0000000008000180       0x34 ./Core/Src/button.o
                0x0000000008000180                IsButtonLongPress
 .text.subKeyProcess
                0x00000000080001b4       0x20 ./Core/Src/button.o
                0x00000000080001b4                subKeyProcess
 .text.getIndex
                0x00000000080001d4       0x5c ./Core/Src/button.o
                0x00000000080001d4                getIndex
 .text.getKeyInput
                0x0000000008000230      0x120 ./Core/Src/button.o
                0x0000000008000230                getKeyInput
 .text.displayTraffic
                0x0000000008000350       0xdc ./Core/Src/control_traffic.o
                0x0000000008000350                displayTraffic
 .text.fsm_automatic
                0x000000000800042c      0x170 ./Core/Src/fsm_automatic.o
                0x000000000800042c                fsm_automatic
 .text.fsm_manual
                0x000000000800059c      0x128 ./Core/Src/fsm_manual.o
                0x000000000800059c                fsm_manual
 .text.fsm_mode
                0x00000000080006c4      0x1dc ./Core/Src/fsm_setting.o
                0x00000000080006c4                fsm_mode
 .text.lcd_send_cmd
                0x00000000080008a0       0x60 ./Core/Src/i2c_lcd.o
                0x00000000080008a0                lcd_send_cmd
 .text.lcd_init
                0x0000000008000900       0x5c ./Core/Src/i2c_lcd.o
                0x0000000008000900                lcd_init
 .text.main     0x000000000800095c       0x74 ./Core/Src/main.o
                0x000000000800095c                main
 .text.SystemClock_Config
                0x00000000080009d0       0x80 ./Core/Src/main.o
                0x00000000080009d0                SystemClock_Config
 .text.MX_I2C1_Init
                0x0000000008000a50       0x5c ./Core/Src/main.o
 .text.MX_TIM2_Init
                0x0000000008000aac       0x98 ./Core/Src/main.o
 .text.MX_USART2_UART_Init
                0x0000000008000b44       0x54 ./Core/Src/main.o
 .text.MX_GPIO_Init
                0x0000000008000b98      0x14c ./Core/Src/main.o
 .text.HAL_TIM_PeriodElapsedCallback
                0x0000000008000ce4       0x14 ./Core/Src/main.o
                0x0000000008000ce4                HAL_TIM_PeriodElapsedCallback
 .text.Error_Handler
                0x0000000008000cf8        0xa ./Core/Src/main.o
                0x0000000008000cf8                Error_Handler
 .text.SCH_Init
                0x0000000008000d02       0x2a ./Core/Src/scheduler.o
                0x0000000008000d02                SCH_Init
 .text.SCH_Add_Task
                0x0000000008000d2c       0xc0 ./Core/Src/scheduler.o
                0x0000000008000d2c                SCH_Add_Task
 .text.SCH_Update
                0x0000000008000dec       0xc0 ./Core/Src/scheduler.o
                0x0000000008000dec                SCH_Update
 .text.SCH_Dispatch_Tasks
                0x0000000008000eac       0xa0 ./Core/Src/scheduler.o
                0x0000000008000eac                SCH_Dispatch_Tasks
 .text.SCH_Delete
                0x0000000008000f4c       0xbc ./Core/Src/scheduler.o
                0x0000000008000f4c                SCH_Delete
 .text.HAL_MspInit
                0x0000000008001008       0x64 ./Core/Src/stm32f1xx_hal_msp.o
                0x0000000008001008                HAL_MspInit
 .text.HAL_I2C_MspInit
                0x000000000800106c       0xa0 ./Core/Src/stm32f1xx_hal_msp.o
                0x000000000800106c                HAL_I2C_MspInit
 .text.HAL_TIM_Base_MspInit
                0x000000000800110c       0x48 ./Core/Src/stm32f1xx_hal_msp.o
                0x000000000800110c                HAL_TIM_Base_MspInit
 .text.HAL_UART_MspInit
                0x0000000008001154       0x7c ./Core/Src/stm32f1xx_hal_msp.o
                0x0000000008001154                HAL_UART_MspInit
 .text.NMI_Handler
                0x00000000080011d0        0x6 ./Core/Src/stm32f1xx_it.o
                0x00000000080011d0                NMI_Handler
 .text.HardFault_Handler
                0x00000000080011d6        0x6 ./Core/Src/stm32f1xx_it.o
                0x00000000080011d6                HardFault_Handler
 .text.MemManage_Handler
                0x00000000080011dc        0x6 ./Core/Src/stm32f1xx_it.o
                0x00000000080011dc                MemManage_Handler
 .text.BusFault_Handler
                0x00000000080011e2        0x6 ./Core/Src/stm32f1xx_it.o
                0x00000000080011e2                BusFault_Handler
 .text.UsageFault_Handler
                0x00000000080011e8        0x6 ./Core/Src/stm32f1xx_it.o
                0x00000000080011e8                UsageFault_Handler
 .text.SVC_Handler
                0x00000000080011ee        0xc ./Core/Src/stm32f1xx_it.o
                0x00000000080011ee                SVC_Handler
 .text.DebugMon_Handler
                0x00000000080011fa        0xc ./Core/Src/stm32f1xx_it.o
                0x00000000080011fa                DebugMon_Handler
 .text.PendSV_Handler
                0x0000000008001206        0xc ./Core/Src/stm32f1xx_it.o
                0x0000000008001206                PendSV_Handler
 .text.SysTick_Handler
                0x0000000008001212        0xc ./Core/Src/stm32f1xx_it.o
                0x0000000008001212                SysTick_Handler
 *fill*         0x000000000800121e        0x2 
 .text.TIM2_IRQHandler
                0x0000000008001220       0x14 ./Core/Src/stm32f1xx_it.o
                0x0000000008001220                TIM2_IRQHandler
 .text.EXTI15_10_IRQHandler
                0x0000000008001234       0x10 ./Core/Src/stm32f1xx_it.o
                0x0000000008001234                EXTI15_10_IRQHandler
 .text.SystemInit
                0x0000000008001244        0xc ./Core/Src/system_stm32f1xx.o
                0x0000000008001244                SystemInit
 .text.Reset_Handler
                0x0000000008001250       0x48 ./Core/Startup/startup_stm32f103rbtx.o
                0x0000000008001250                Reset_Handler
 .text.Default_Handler
                0x0000000008001298        0x2 ./Core/Startup/startup_stm32f103rbtx.o
                0x0000000008001298                RTC_Alarm_IRQHandler
                0x0000000008001298                EXTI2_IRQHandler
                0x0000000008001298                TIM1_CC_IRQHandler
                0x0000000008001298                PVD_IRQHandler
                0x0000000008001298                EXTI3_IRQHandler
                0x0000000008001298                EXTI0_IRQHandler
                0x0000000008001298                I2C2_EV_IRQHandler
                0x0000000008001298                ADC1_2_IRQHandler
                0x0000000008001298                SPI1_IRQHandler
                0x0000000008001298                TAMPER_IRQHandler
                0x0000000008001298                DMA1_Channel4_IRQHandler
                0x0000000008001298                USART3_IRQHandler
                0x0000000008001298                RTC_IRQHandler
                0x0000000008001298                DMA1_Channel7_IRQHandler
                0x0000000008001298                CAN1_RX1_IRQHandler
                0x0000000008001298                TIM4_IRQHandler
                0x0000000008001298                I2C1_EV_IRQHandler
                0x0000000008001298                DMA1_Channel6_IRQHandler
                0x0000000008001298                TIM3_IRQHandler
                0x0000000008001298                RCC_IRQHandler
                0x0000000008001298                TIM1_TRG_COM_IRQHandler
                0x0000000008001298                DMA1_Channel1_IRQHandler
                0x0000000008001298                Default_Handler
                0x0000000008001298                EXTI9_5_IRQHandler
                0x0000000008001298                SPI2_IRQHandler
                0x0000000008001298                DMA1_Channel5_IRQHandler
                0x0000000008001298                EXTI4_IRQHandler
                0x0000000008001298                USB_LP_CAN1_RX0_IRQHandler
                0x0000000008001298                USB_HP_CAN1_TX_IRQHandler
                0x0000000008001298                DMA1_Channel3_IRQHandler
                0x0000000008001298                TIM1_UP_IRQHandler
                0x0000000008001298                WWDG_IRQHandler
                0x0000000008001298                TIM1_BRK_IRQHandler
                0x0000000008001298                EXTI1_IRQHandler
                0x0000000008001298                USART2_IRQHandler
                0x0000000008001298                I2C2_ER_IRQHandler
                0x0000000008001298                DMA1_Channel2_IRQHandler
                0x0000000008001298                CAN1_SCE_IRQHandler
                0x0000000008001298                FLASH_IRQHandler
                0x0000000008001298                USART1_IRQHandler
                0x0000000008001298                I2C1_ER_IRQHandler
                0x0000000008001298                USBWakeUp_IRQHandler
 *fill*         0x000000000800129a        0x2 
 .text.HAL_Init
                0x000000000800129c       0x2c ./Drivers/STM32F1xx_HAL_Driver/Src/stm32f1xx_hal.o
                0x000000000800129c                HAL_Init
 .text.HAL_InitTick
                0x00000000080012c8       0x60 ./Drivers/STM32F1xx_HAL_Driver/Src/stm32f1xx_hal.o
                0x00000000080012c8                HAL_InitTick
 .text.HAL_IncTick
                0x0000000008001328       0x24 ./Drivers/STM32F1xx_HAL_Driver/Src/stm32f1xx_hal.o
                0x0000000008001328                HAL_IncTick
 .text.HAL_GetTick
                0x000000000800134c       0x14 ./Drivers/STM32F1xx_HAL_Driver/Src/stm32f1xx_hal.o
                0x000000000800134c                HAL_GetTick
 .text.HAL_Delay
                0x0000000008001360       0x48 ./Drivers/STM32F1xx_HAL_Driver/Src/stm32f1xx_hal.o
                0x0000000008001360                HAL_Delay
 .text.__NVIC_SetPriorityGrouping
                0x00000000080013a8       0x48 ./Drivers/STM32F1xx_HAL_Driver/Src/stm32f1xx_hal_cortex.o
 .text.__NVIC_GetPriorityGrouping
                0x00000000080013f0       0x1c ./Drivers/STM32F1xx_HAL_Driver/Src/stm32f1xx_hal_cortex.o
 .text.__NVIC_EnableIRQ
                0x000000000800140c       0x38 ./Drivers/STM32F1xx_HAL_Driver/Src/stm32f1xx_hal_cortex.o
 .text.__NVIC_SetPriority
                0x0000000008001444       0x54 ./Drivers/STM32F1xx_HAL_Driver/Src/stm32f1xx_hal_cortex.o
 .text.NVIC_EncodePriority
                0x0000000008001498       0x64 ./Drivers/STM32F1xx_HAL_Driver/Src/stm32f1xx_hal_cortex.o
 .text.SysTick_Config
                0x00000000080014fc       0x44 ./Drivers/STM32F1xx_HAL_Driver/Src/stm32f1xx_hal_cortex.o
 .text.HAL_NVIC_SetPriorityGrouping
                0x0000000008001540       0x16 ./Drivers/STM32F1xx_HAL_Driver/Src/stm32f1xx_hal_cortex.o
                0x0000000008001540                HAL_NVIC_SetPriorityGrouping
 .text.HAL_NVIC_SetPriority
                0x0000000008001556       0x38 ./Drivers/STM32F1xx_HAL_Driver/Src/stm32f1xx_hal_cortex.o
                0x0000000008001556                HAL_NVIC_SetPriority
 .text.HAL_NVIC_EnableIRQ
                0x000000000800158e       0x1c ./Drivers/STM32F1xx_HAL_Driver/Src/stm32f1xx_hal_cortex.o
                0x000000000800158e                HAL_NVIC_EnableIRQ
 .text.HAL_SYSTICK_Config
                0x00000000080015aa       0x18 ./Drivers/STM32F1xx_HAL_Driver/Src/stm32f1xx_hal_cortex.o
                0x00000000080015aa                HAL_SYSTICK_Config
 *fill*         0x00000000080015c2        0x2 
 .text.HAL_GPIO_Init
                0x00000000080015c4      0x308 ./Drivers/STM32F1xx_HAL_Driver/Src/stm32f1xx_hal_gpio.o
                0x00000000080015c4                HAL_GPIO_Init
 .text.HAL_GPIO_ReadPin
                0x00000000080018cc       0x2e ./Drivers/STM32F1xx_HAL_Driver/Src/stm32f1xx_hal_gpio.o
                0x00000000080018cc                HAL_GPIO_ReadPin
 .text.HAL_GPIO_WritePin
                0x00000000080018fa       0x30 ./Drivers/STM32F1xx_HAL_Driver/Src/stm32f1xx_hal_gpio.o
                0x00000000080018fa                HAL_GPIO_WritePin
 .text.HAL_GPIO_TogglePin
                0x000000000800192a       0x32 ./Drivers/STM32F1xx_HAL_Driver/Src/stm32f1xx_hal_gpio.o
                0x000000000800192a                HAL_GPIO_TogglePin
 .text.HAL_GPIO_EXTI_IRQHandler
                0x000000000800195c       0x30 ./Drivers/STM32F1xx_HAL_Driver/Src/stm32f1xx_hal_gpio.o
                0x000000000800195c                HAL_GPIO_EXTI_IRQHandler
 .text.HAL_GPIO_EXTI_Callback
                0x000000000800198c       0x14 ./Drivers/STM32F1xx_HAL_Driver/Src/stm32f1xx_hal_gpio.o
                0x000000000800198c                HAL_GPIO_EXTI_Callback
 .text.HAL_I2C_Init
                0x00000000080019a0      0x288 ./Drivers/STM32F1xx_HAL_Driver/Src/stm32f1xx_hal_i2c.o
                0x00000000080019a0                HAL_I2C_Init
 .text.HAL_I2C_Master_Transmit
                0x0000000008001c28      0x1fc ./Drivers/STM32F1xx_HAL_Driver/Src/stm32f1xx_hal_i2c.o
                0x0000000008001c28                HAL_I2C_Master_Transmit
 .text.I2C_MasterRequestWrite
                0x0000000008001e24      0x104 ./Drivers/STM32F1xx_HAL_Driver/Src/stm32f1xx_hal_i2c.o
 .text.I2C_WaitOnFlagUntilTimeout
                0x0000000008001f28       0xf4 ./Drivers/STM32F1xx_HAL_Driver/Src/stm32f1xx_hal_i2c.o
 .text.I2C_WaitOnMasterAddressFlagUntilTimeout
                0x000000000800201c      0x140 ./Drivers/STM32F1xx_HAL_Driver/Src/stm32f1xx_hal_i2c.o
 .text.I2C_WaitOnTXEFlagUntilTimeout
                0x000000000800215c       0x90 ./Drivers/STM32F1xx_HAL_Driver/Src/stm32f1xx_hal_i2c.o
 .text.I2C_WaitOnBTFFlagUntilTimeout
                0x00000000080021ec       0x90 ./Drivers/STM32F1xx_HAL_Driver/Src/stm32f1xx_hal_i2c.o
 .text.I2C_IsAcknowledgeFailed
                0x000000000800227c       0x5c ./Drivers/STM32F1xx_HAL_Driver/Src/stm32f1xx_hal_i2c.o
 .text.HAL_RCC_OscConfig
                0x00000000080022d8      0x500 ./Drivers/STM32F1xx_HAL_Driver/Src/stm32f1xx_hal_rcc.o
                0x00000000080022d8                HAL_RCC_OscConfig
 .text.HAL_RCC_ClockConfig
                0x00000000080027d8      0x1d4 ./Drivers/STM32F1xx_HAL_Driver/Src/stm32f1xx_hal_rcc.o
                0x00000000080027d8                HAL_RCC_ClockConfig
 .text.HAL_RCC_GetSysClockFreq
                0x00000000080029ac       0xa8 ./Drivers/STM32F1xx_HAL_Driver/Src/stm32f1xx_hal_rcc.o
                0x00000000080029ac                HAL_RCC_GetSysClockFreq
 .text.HAL_RCC_GetHCLKFreq
                0x0000000008002a54       0x14 ./Drivers/STM32F1xx_HAL_Driver/Src/stm32f1xx_hal_rcc.o
                0x0000000008002a54                HAL_RCC_GetHCLKFreq
 .text.HAL_RCC_GetPCLK1Freq
                0x0000000008002a68       0x28 ./Drivers/STM32F1xx_HAL_Driver/Src/stm32f1xx_hal_rcc.o
                0x0000000008002a68                HAL_RCC_GetPCLK1Freq
 .text.HAL_RCC_GetPCLK2Freq
                0x0000000008002a90       0x28 ./Drivers/STM32F1xx_HAL_Driver/Src/stm32f1xx_hal_rcc.o
                0x0000000008002a90                HAL_RCC_GetPCLK2Freq
 .text.RCC_Delay
                0x0000000008002ab8       0x3c ./Drivers/STM32F1xx_HAL_Driver/Src/stm32f1xx_hal_rcc.o
 .text.HAL_TIM_Base_Init
                0x0000000008002af4       0x9e ./Drivers/STM32F1xx_HAL_Driver/Src/stm32f1xx_hal_tim.o
                0x0000000008002af4                HAL_TIM_Base_Init
 *fill*         0x0000000008002b92        0x2 
 .text.HAL_TIM_Base_Start_IT
                0x0000000008002b94       0xa4 ./Drivers/STM32F1xx_HAL_Driver/Src/stm32f1xx_hal_tim.o
                0x0000000008002b94                HAL_TIM_Base_Start_IT
 .text.HAL_TIM_IRQHandler
                0x0000000008002c38      0x1e0 ./Drivers/STM32F1xx_HAL_Driver/Src/stm32f1xx_hal_tim.o
                0x0000000008002c38                HAL_TIM_IRQHandler
 .text.HAL_TIM_ConfigClockSource
                0x0000000008002e18      0x18e ./Drivers/STM32F1xx_HAL_Driver/Src/stm32f1xx_hal_tim.o
                0x0000000008002e18                HAL_TIM_ConfigClockSource
 .text.HAL_TIM_OC_DelayElapsedCallback
                0x0000000008002fa6       0x12 ./Drivers/STM32F1xx_HAL_Driver/Src/stm32f1xx_hal_tim.o
                0x0000000008002fa6                HAL_TIM_OC_DelayElapsedCallback
 .text.HAL_TIM_IC_CaptureCallback
                0x0000000008002fb8       0x12 ./Drivers/STM32F1xx_HAL_Driver/Src/stm32f1xx_hal_tim.o
                0x0000000008002fb8                HAL_TIM_IC_CaptureCallback
 .text.HAL_TIM_PWM_PulseFinishedCallback
                0x0000000008002fca       0x12 ./Drivers/STM32F1xx_HAL_Driver/Src/stm32f1xx_hal_tim.o
                0x0000000008002fca                HAL_TIM_PWM_PulseFinishedCallback
 .text.HAL_TIM_TriggerCallback
                0x0000000008002fdc       0x12 ./Drivers/STM32F1xx_HAL_Driver/Src/stm32f1xx_hal_tim.o
                0x0000000008002fdc                HAL_TIM_TriggerCallback
 *fill*         0x0000000008002fee        0x2 
 .text.TIM_Base_SetConfig
                0x0000000008002ff0       0xdc ./Drivers/STM32F1xx_HAL_Driver/Src/stm32f1xx_hal_tim.o
                0x0000000008002ff0                TIM_Base_SetConfig
 .text.TIM_TI1_ConfigInputStage
                0x00000000080030cc       0x5c ./Drivers/STM32F1xx_HAL_Driver/Src/stm32f1xx_hal_tim.o
 .text.TIM_TI2_ConfigInputStage
                0x0000000008003128       0x5e ./Drivers/STM32F1xx_HAL_Driver/Src/stm32f1xx_hal_tim.o
 .text.TIM_ITRx_SetConfig
                0x0000000008003186       0x34 ./Drivers/STM32F1xx_HAL_Driver/Src/stm32f1xx_hal_tim.o
 .text.TIM_ETR_SetConfig
                0x00000000080031ba       0x3e ./Drivers/STM32F1xx_HAL_Driver/Src/stm32f1xx_hal_tim.o
                0x00000000080031ba                TIM_ETR_SetConfig
 .text.HAL_TIMEx_MasterConfigSynchronization
                0x00000000080031f8       0xbc ./Drivers/STM32F1xx_HAL_Driver/Src/stm32f1xx_hal_tim_ex.o
                0x00000000080031f8                HAL_TIMEx_MasterConfigSynchronization
 .text.HAL_TIMEx_CommutCallback
                0x00000000080032b4       0x12 ./Drivers/STM32F1xx_HAL_Driver/Src/stm32f1xx_hal_tim_ex.o
                0x00000000080032b4                HAL_TIMEx_CommutCallback
 .text.HAL_TIMEx_BreakCallback
                0x00000000080032c6       0x12 ./Drivers/STM32F1xx_HAL_Driver/Src/stm32f1xx_hal_tim_ex.o
                0x00000000080032c6                HAL_TIMEx_BreakCallback
 .text.HAL_UART_Init
                0x00000000080032d8       0xa0 ./Drivers/STM32F1xx_HAL_Driver/Src/stm32f1xx_hal_uart.o
                0x00000000080032d8                HAL_UART_Init
 .text.UART_SetConfig
                0x0000000008003378      0x11c ./Drivers/STM32F1xx_HAL_Driver/Src/stm32f1xx_hal_uart.o
 .text.__libc_init_array
                0x0000000008003494       0x48 d:/documents for work/st/stm32cubeide_1.7.0/stm32cubeide/plugins/com.st.stm32cube.ide.mcu.externaltools.gnu-tools-for-stm32.9-2020-q2-update.win32_2.0.0.202105311346/tools/bin/../lib/gcc/arm-none-eabi/9.3.1/../../../../arm-none-eabi/lib/thumb/v7-m/nofp\libc_nano.a(lib_a-init.o)
                0x0000000008003494                __libc_init_array
 .text.memset   0x00000000080034dc       0x10 d:/documents for work/st/stm32cubeide_1.7.0/stm32cubeide/plugins/com.st.stm32cube.ide.mcu.externaltools.gnu-tools-for-stm32.9-2020-q2-update.win32_2.0.0.202105311346/tools/bin/../lib/gcc/arm-none-eabi/9.3.1/../../../../arm-none-eabi/lib/thumb/v7-m/nofp\libc_nano.a(lib_a-memset.o)
                0x00000000080034dc                memset
 *(.glue_7)
 .glue_7        0x00000000080034ec        0x0 linker stubs
 *(.glue_7t)
 .glue_7t       0x00000000080034ec        0x0 linker stubs
 *(.eh_frame)
 .eh_frame      0x00000000080034ec        0x0 d:/documents for work/st/stm32cubeide_1.7.0/stm32cubeide/plugins/com.st.stm32cube.ide.mcu.externaltools.gnu-tools-for-stm32.9-2020-q2-update.win32_2.0.0.202105311346/tools/bin/../lib/gcc/arm-none-eabi/9.3.1/thumb/v7-m/nofp/crtbegin.o
 *(.init)
 .init          0x00000000080034ec        0x4 d:/documents for work/st/stm32cubeide_1.7.0/stm32cubeide/plugins/com.st.stm32cube.ide.mcu.externaltools.gnu-tools-for-stm32.9-2020-q2-update.win32_2.0.0.202105311346/tools/bin/../lib/gcc/arm-none-eabi/9.3.1/thumb/v7-m/nofp/crti.o
                0x00000000080034ec                _init
 .init          0x00000000080034f0        0x8 d:/documents for work/st/stm32cubeide_1.7.0/stm32cubeide/plugins/com.st.stm32cube.ide.mcu.externaltools.gnu-tools-for-stm32.9-2020-q2-update.win32_2.0.0.202105311346/tools/bin/../lib/gcc/arm-none-eabi/9.3.1/thumb/v7-m/nofp/crtn.o
 *(.fini)
 .fini          0x00000000080034f8        0x4 d:/documents for work/st/stm32cubeide_1.7.0/stm32cubeide/plugins/com.st.stm32cube.ide.mcu.externaltools.gnu-tools-for-stm32.9-2020-q2-update.win32_2.0.0.202105311346/tools/bin/../lib/gcc/arm-none-eabi/9.3.1/thumb/v7-m/nofp/crti.o
                0x00000000080034f8                _fini
 .fini          0x00000000080034fc        0x8 d:/documents for work/st/stm32cubeide_1.7.0/stm32cubeide/plugins/com.st.stm32cube.ide.mcu.externaltools.gnu-tools-for-stm32.9-2020-q2-update.win32_2.0.0.202105311346/tools/bin/../lib/gcc/arm-none-eabi/9.3.1/thumb/v7-m/nofp/crtn.o
                0x0000000008003504                . = ALIGN (0x4)
                0x0000000008003504                _etext = .

.vfp11_veneer   0x0000000008003504        0x0
 .vfp11_veneer  0x0000000008003504        0x0 linker stubs

.v4_bx          0x0000000008003504        0x0
 .v4_bx         0x0000000008003504        0x0 linker stubs

.iplt           0x0000000008003504        0x0
 .iplt          0x0000000008003504        0x0 d:/documents for work/st/stm32cubeide_1.7.0/stm32cubeide/plugins/com.st.stm32cube.ide.mcu.externaltools.gnu-tools-for-stm32.9-2020-q2-update.win32_2.0.0.202105311346/tools/bin/../lib/gcc/arm-none-eabi/9.3.1/thumb/v7-m/nofp/crtbegin.o

.rodata         0x0000000008003504       0x2c
                0x0000000008003504                . = ALIGN (0x4)
 *(.rodata)
 *(.rodata*)
 .rodata.AHBPrescTable
                0x0000000008003504       0x10 ./Core/Src/system_stm32f1xx.o
                0x0000000008003504                AHBPrescTable
 .rodata.APBPrescTable
                0x0000000008003514        0x8 ./Core/Src/system_stm32f1xx.o
                0x0000000008003514                APBPrescTable
 .rodata.aPLLMULFactorTable.6442
                0x000000000800351c       0x10 ./Drivers/STM32F1xx_HAL_Driver/Src/stm32f1xx_hal_rcc.o
 .rodata.aPredivFactorTable.6443
                0x000000000800352c        0x2 ./Drivers/STM32F1xx_HAL_Driver/Src/stm32f1xx_hal_rcc.o
                0x0000000008003530                . = ALIGN (0x4)
 *fill*         0x000000000800352e        0x2 

.rel.dyn        0x0000000008003530        0x0
 .rel.iplt      0x0000000008003530        0x0 d:/documents for work/st/stm32cubeide_1.7.0/stm32cubeide/plugins/com.st.stm32cube.ide.mcu.externaltools.gnu-tools-for-stm32.9-2020-q2-update.win32_2.0.0.202105311346/tools/bin/../lib/gcc/arm-none-eabi/9.3.1/thumb/v7-m/nofp/crtbegin.o

.ARM.extab      0x0000000008003530        0x0
                0x0000000008003530                . = ALIGN (0x4)
 *(.ARM.extab* .gnu.linkonce.armextab.*)
                0x0000000008003530                . = ALIGN (0x4)

.ARM            0x0000000008003530        0x0
                0x0000000008003530                . = ALIGN (0x4)
                0x0000000008003530                __exidx_start = .
 *(.ARM.exidx*)
                0x0000000008003530                __exidx_end = .
                0x0000000008003530                . = ALIGN (0x4)

.preinit_array  0x0000000008003530        0x0
                0x0000000008003530                . = ALIGN (0x4)
                0x0000000008003530                PROVIDE (__preinit_array_start = .)
 *(.preinit_array*)
                0x0000000008003530                PROVIDE (__preinit_array_end = .)
                0x0000000008003530                . = ALIGN (0x4)

.init_array     0x0000000008003530        0x4
                0x0000000008003530                . = ALIGN (0x4)
                0x0000000008003530                PROVIDE (__init_array_start = .)
 *(SORT_BY_NAME(.init_array.*))
 *(.init_array*)
 .init_array    0x0000000008003530        0x4 d:/documents for work/st/stm32cubeide_1.7.0/stm32cubeide/plugins/com.st.stm32cube.ide.mcu.externaltools.gnu-tools-for-stm32.9-2020-q2-update.win32_2.0.0.202105311346/tools/bin/../lib/gcc/arm-none-eabi/9.3.1/thumb/v7-m/nofp/crtbegin.o
                0x0000000008003534                PROVIDE (__init_array_end = .)
                0x0000000008003534                . = ALIGN (0x4)

.fini_array     0x0000000008003534        0x4
                0x0000000008003534                . = ALIGN (0x4)
                [!provide]                        PROVIDE (__fini_array_start = .)
 *(SORT_BY_NAME(.fini_array.*))
 *(.fini_array*)
 .fini_array    0x0000000008003534        0x4 d:/documents for work/st/stm32cubeide_1.7.0/stm32cubeide/plugins/com.st.stm32cube.ide.mcu.externaltools.gnu-tools-for-stm32.9-2020-q2-update.win32_2.0.0.202105311346/tools/bin/../lib/gcc/arm-none-eabi/9.3.1/thumb/v7-m/nofp/crtbegin.o
                [!provide]                        PROVIDE (__fini_array_end = .)
                0x0000000008003538                . = ALIGN (0x4)
                0x0000000008003538                _sidata = LOADADDR (.data)

.data           0x0000000020000000       0x5c load address 0x0000000008003538
                0x0000000020000000                . = ALIGN (0x4)
                0x0000000020000000                _sdata = .
 *(.data)
 *(.data*)
 .data.KeyReg0  0x0000000020000000        0xc ./Core/Src/button.o
                0x0000000020000000                KeyReg0
 .data.KeyReg1  0x000000002000000c        0xc ./Core/Src/button.o
                0x000000002000000c                KeyReg1
 .data.KeyReg2  0x0000000020000018        0xc ./Core/Src/button.o
                0x0000000020000018                KeyReg2
 .data.KeyReg3  0x0000000020000024        0xc ./Core/Src/button.o
                0x0000000020000024                KeyReg3
 .data.TimerForKeyPress
                0x0000000020000030        0xc ./Core/Src/button.o
                0x0000000020000030                TimerForKeyPress
 .data.status_RED_A
                0x000000002000003c        0x4 ./Core/Src/control_traffic.o
                0x000000002000003c                status_RED_A
 .data.status_GREEN_B
                0x0000000020000040        0x4 ./Core/Src/control_traffic.o
                0x0000000020000040                status_GREEN_B
 .data.count_RED
                0x0000000020000044        0x4 ./Core/Src/fsm_setting.o
                0x0000000020000044                count_RED
 .data.count_GREEN
                0x0000000020000048        0x4 ./Core/Src/fsm_setting.o
                0x0000000020000048                count_GREEN
 .data.count_YELLOW
                0x000000002000004c        0x4 ./Core/Src/fsm_setting.o
                0x000000002000004c                count_YELLOW
 .data.SystemCoreClock
                0x0000000020000050        0x4 ./Core/Src/system_stm32f1xx.o
                0x0000000020000050                SystemCoreClock
 .data.uwTickPrio
                0x0000000020000054        0x4 ./Drivers/STM32F1xx_HAL_Driver/Src/stm32f1xx_hal.o
                0x0000000020000054                uwTickPrio
 .data.uwTickFreq
                0x0000000020000058        0x1 ./Drivers/STM32F1xx_HAL_Driver/Src/stm32f1xx_hal.o
                0x0000000020000058                uwTickFreq
 *(.RamFunc)
 *(.RamFunc*)
                0x000000002000005c                . = ALIGN (0x4)
 *fill*         0x0000000020000059        0x3 
                0x000000002000005c                _edata = .

.igot.plt       0x000000002000005c        0x0 load address 0x0000000008003594
 .igot.plt      0x000000002000005c        0x0 d:/documents for work/st/stm32cubeide_1.7.0/stm32cubeide/plugins/com.st.stm32cube.ide.mcu.externaltools.gnu-tools-for-stm32.9-2020-q2-update.win32_2.0.0.202105311346/tools/bin/../lib/gcc/arm-none-eabi/9.3.1/thumb/v7-m/nofp/crtbegin.o
                0x000000002000005c                . = ALIGN (0x4)

.bss            0x000000002000005c      0x46c load address 0x0000000008003594
                0x000000002000005c                _sbss = .
                0x000000002000005c                __bss_start__ = _sbss
 *(.bss)
 .bss           0x000000002000005c       0x1c d:/documents for work/st/stm32cubeide_1.7.0/stm32cubeide/plugins/com.st.stm32cube.ide.mcu.externaltools.gnu-tools-for-stm32.9-2020-q2-update.win32_2.0.0.202105311346/tools/bin/../lib/gcc/arm-none-eabi/9.3.1/thumb/v7-m/nofp/crtbegin.o
 *(.bss*)
 .bss.status_GREEN_A
                0x0000000020000078        0x4 ./Core/Src/control_traffic.o
                0x0000000020000078                status_GREEN_A
 .bss.status_YELLOW_A
                0x000000002000007c        0x4 ./Core/Src/control_traffic.o
                0x000000002000007c                status_YELLOW_A
 .bss.status_RED_B
                0x0000000020000080        0x4 ./Core/Src/control_traffic.o
                0x0000000020000080                status_RED_B
 .bss.status_YELLOW_B
                0x0000000020000084        0x4 ./Core/Src/control_traffic.o
                0x0000000020000084                status_YELLOW_B
 .bss.countTemp
                0x0000000020000088        0x4 ./Core/Src/fsm_setting.o
                0x0000000020000088                countTemp
 .bss.statusLED
                0x000000002000008c        0x4 ./Core/Src/global.o
                0x000000002000008c                statusLED
 .bss.status_mode
                0x0000000020000090        0x4 ./Core/Src/global.o
                0x0000000020000090                status_mode
 .bss.current_index_task
                0x0000000020000094        0x1 ./Core/Src/scheduler.o
                0x0000000020000094                current_index_task
 *(COMMON)
 *fill*         0x0000000020000095        0x3 
 COMMON         0x0000000020000098       0x20 ./Core/Src/button.o
                0x0000000020000098                countDownLEDB
                0x000000002000009c                button_flag
                0x00000000200000a8                countDownLEDA
                0x00000000200000ac                button_long_flag
 COMMON         0x00000000200000b8        0x8 ./Core/Src/fsm_setting.o
                0x00000000200000b8                countDownA
                0x00000000200000bc                countDownB
 COMMON         0x00000000200000c0       0xe4 ./Core/Src/main.o
                0x00000000200000c0                hi2c1
                0x0000000020000114                htim2
                0x000000002000015c                huart2
 COMMON         0x00000000200001a4      0x320 ./Core/Src/scheduler.o
                0x00000000200001a4                SCH_tasks_G
 COMMON         0x00000000200004c4        0x4 ./Drivers/STM32F1xx_HAL_Driver/Src/stm32f1xx_hal.o
                0x00000000200004c4                uwTick
                0x00000000200004c8                . = ALIGN (0x4)
                0x00000000200004c8                _ebss = .
                0x00000000200004c8                __bss_end__ = _ebss

._user_heap_stack
                0x00000000200004c8      0x600 load address 0x0000000008003594
                0x00000000200004c8                . = ALIGN (0x8)
                [!provide]                        PROVIDE (end = .)
                0x00000000200004c8                PROVIDE (_end = .)
                0x00000000200006c8                . = (. + _Min_Heap_Size)
 *fill*         0x00000000200004c8      0x200 
                0x0000000020000ac8                . = (. + _Min_Stack_Size)
 *fill*         0x00000000200006c8      0x400 
                0x0000000020000ac8                . = ALIGN (0x8)

/DISCARD/
 libc.a(*)
 libm.a(*)
 libgcc.a(*)

.ARM.attributes
                0x0000000000000000       0x29
 *(.ARM.attributes)
 .ARM.attributes
                0x0000000000000000       0x1d d:/documents for work/st/stm32cubeide_1.7.0/stm32cubeide/plugins/com.st.stm32cube.ide.mcu.externaltools.gnu-tools-for-stm32.9-2020-q2-update.win32_2.0.0.202105311346/tools/bin/../lib/gcc/arm-none-eabi/9.3.1/thumb/v7-m/nofp/crti.o
 .ARM.attributes
                0x000000000000001d       0x2d d:/documents for work/st/stm32cubeide_1.7.0/stm32cubeide/plugins/com.st.stm32cube.ide.mcu.externaltools.gnu-tools-for-stm32.9-2020-q2-update.win32_2.0.0.202105311346/tools/bin/../lib/gcc/arm-none-eabi/9.3.1/thumb/v7-m/nofp/crtbegin.o
 .ARM.attributes
                0x000000000000004a       0x2d ./Core/Src/button.o
 .ARM.attributes
                0x0000000000000077       0x2d ./Core/Src/control_traffic.o
 .ARM.attributes
                0x00000000000000a4       0x2d ./Core/Src/fsm_automatic.o
 .ARM.attributes
                0x00000000000000d1       0x2d ./Core/Src/fsm_manual.o
 .ARM.attributes
                0x00000000000000fe       0x2d ./Core/Src/fsm_setting.o
 .ARM.attributes
                0x000000000000012b       0x33 ./Core/Src/global.o
 .ARM.attributes
                0x000000000000015e       0x2d ./Core/Src/i2c_lcd.o
 .ARM.attributes
                0x000000000000018b       0x2d ./Core/Src/main.o
 .ARM.attributes
                0x00000000000001b8       0x2d ./Core/Src/scheduler.o
 .ARM.attributes
                0x00000000000001e5       0x2d ./Core/Src/stm32f1xx_hal_msp.o
 .ARM.attributes
                0x0000000000000212       0x2d ./Core/Src/stm32f1xx_it.o
 .ARM.attributes
                0x000000000000023f       0x2d ./Core/Src/system_stm32f1xx.o
 .ARM.attributes
                0x000000000000026c       0x21 ./Core/Startup/startup_stm32f103rbtx.o
 .ARM.attributes
                0x000000000000028d       0x2d ./Drivers/STM32F1xx_HAL_Driver/Src/stm32f1xx_hal.o
 .ARM.attributes
                0x00000000000002ba       0x2d ./Drivers/STM32F1xx_HAL_Driver/Src/stm32f1xx_hal_cortex.o
 .ARM.attributes
                0x00000000000002e7       0x2d ./Drivers/STM32F1xx_HAL_Driver/Src/stm32f1xx_hal_gpio.o
 .ARM.attributes
                0x0000000000000314       0x2d ./Drivers/STM32F1xx_HAL_Driver/Src/stm32f1xx_hal_i2c.o
 .ARM.attributes
                0x0000000000000341       0x2d ./Drivers/STM32F1xx_HAL_Driver/Src/stm32f1xx_hal_rcc.o
 .ARM.attributes
                0x000000000000036e       0x2d ./Drivers/STM32F1xx_HAL_Driver/Src/stm32f1xx_hal_tim.o
 .ARM.attributes
                0x000000000000039b       0x2d ./Drivers/STM32F1xx_HAL_Driver/Src/stm32f1xx_hal_tim_ex.o
 .ARM.attributes
                0x00000000000003c8       0x2d ./Drivers/STM32F1xx_HAL_Driver/Src/stm32f1xx_hal_uart.o
 .ARM.attributes
                0x00000000000003f5       0x2d d:/documents for work/st/stm32cubeide_1.7.0/stm32cubeide/plugins/com.st.stm32cube.ide.mcu.externaltools.gnu-tools-for-stm32.9-2020-q2-update.win32_2.0.0.202105311346/tools/bin/../lib/gcc/arm-none-eabi/9.3.1/../../../../arm-none-eabi/lib/thumb/v7-m/nofp\libc_nano.a(lib_a-init.o)
 .ARM.attributes
                0x0000000000000422       0x2d d:/documents for work/st/stm32cubeide_1.7.0/stm32cubeide/plugins/com.st.stm32cube.ide.mcu.externaltools.gnu-tools-for-stm32.9-2020-q2-update.win32_2.0.0.202105311346/tools/bin/../lib/gcc/arm-none-eabi/9.3.1/../../../../arm-none-eabi/lib/thumb/v7-m/nofp\libc_nano.a(lib_a-memset.o)
 .ARM.attributes
                0x000000000000044f       0x1d d:/documents for work/st/stm32cubeide_1.7.0/stm32cubeide/plugins/com.st.stm32cube.ide.mcu.externaltools.gnu-tools-for-stm32.9-2020-q2-update.win32_2.0.0.202105311346/tools/bin/../lib/gcc/arm-none-eabi/9.3.1/thumb/v7-m/nofp/crtn.o
OUTPUT(ASS_MCU_1.elf elf32-littlearm)
LOAD linker stubs
LOAD d:/documents for work/st/stm32cubeide_1.7.0/stm32cubeide/plugins/com.st.stm32cube.ide.mcu.externaltools.gnu-tools-for-stm32.9-2020-q2-update.win32_2.0.0.202105311346/tools/bin/../lib/gcc/arm-none-eabi/9.3.1/../../../../arm-none-eabi/lib/thumb/v7-m/nofp\libc.a
LOAD d:/documents for work/st/stm32cubeide_1.7.0/stm32cubeide/plugins/com.st.stm32cube.ide.mcu.externaltools.gnu-tools-for-stm32.9-2020-q2-update.win32_2.0.0.202105311346/tools/bin/../lib/gcc/arm-none-eabi/9.3.1/../../../../arm-none-eabi/lib/thumb/v7-m/nofp\libm.a
LOAD d:/documents for work/st/stm32cubeide_1.7.0/stm32cubeide/plugins/com.st.stm32cube.ide.mcu.externaltools.gnu-tools-for-stm32.9-2020-q2-update.win32_2.0.0.202105311346/tools/bin/../lib/gcc/arm-none-eabi/9.3.1/thumb/v7-m/nofp\libgcc.a

.debug_info     0x0000000000000000    0x164e2
 .debug_info    0x0000000000000000      0xd21 ./Core/Src/button.o
 .debug_info    0x0000000000000d21      0xc1d ./Core/Src/control_traffic.o
 .debug_info    0x000000000000193e      0xb5e ./Core/Src/fsm_automatic.o
 .debug_info    0x000000000000249c      0xb5e ./Core/Src/fsm_manual.o
 .debug_info    0x0000000000002ffa      0xb82 ./Core/Src/fsm_setting.o
 .debug_info    0x0000000000003b7c      0xb52 ./Core/Src/global.o
 .debug_info    0x00000000000046ce      0x7d7 ./Core/Src/i2c_lcd.o
 .debug_info    0x0000000000004ea5     0x1c31 ./Core/Src/main.o
 .debug_info    0x0000000000006ad6      0xce0 ./Core/Src/scheduler.o
 .debug_info    0x00000000000077b6     0x1b1a ./Core/Src/stm32f1xx_hal_msp.o
 .debug_info    0x00000000000092d0     0x11ad ./Core/Src/stm32f1xx_it.o
 .debug_info    0x000000000000a47d      0x2be ./Core/Src/system_stm32f1xx.o
 .debug_info    0x000000000000a73b       0x22 ./Core/Startup/startup_stm32f103rbtx.o
 .debug_info    0x000000000000a75d      0x76a ./Drivers/STM32F1xx_HAL_Driver/Src/stm32f1xx_hal.o
 .debug_info    0x000000000000aec7      0xbdc ./Drivers/STM32F1xx_HAL_Driver/Src/stm32f1xx_hal_cortex.o
 .debug_info    0x000000000000baa3      0x701 ./Drivers/STM32F1xx_HAL_Driver/Src/stm32f1xx_hal_gpio.o
 .debug_info    0x000000000000c1a4     0x27cb ./Drivers/STM32F1xx_HAL_Driver/Src/stm32f1xx_hal_i2c.o
 .debug_info    0x000000000000e96f      0x893 ./Drivers/STM32F1xx_HAL_Driver/Src/stm32f1xx_hal_rcc.o
 .debug_info    0x000000000000f202     0x2c32 ./Drivers/STM32F1xx_HAL_Driver/Src/stm32f1xx_hal_tim.o
 .debug_info    0x0000000000011e34     0x157f ./Drivers/STM32F1xx_HAL_Driver/Src/stm32f1xx_hal_tim_ex.o
 .debug_info    0x00000000000133b3     0x312f ./Drivers/STM32F1xx_HAL_Driver/Src/stm32f1xx_hal_uart.o

.debug_abbrev   0x0000000000000000     0x2bbe
 .debug_abbrev  0x0000000000000000      0x278 ./Core/Src/button.o
 .debug_abbrev  0x0000000000000278      0x1f8 ./Core/Src/control_traffic.o
 .debug_abbrev  0x0000000000000470      0x1c8 ./Core/Src/fsm_automatic.o
 .debug_abbrev  0x0000000000000638      0x1c8 ./Core/Src/fsm_manual.o
 .debug_abbrev  0x0000000000000800      0x1c8 ./Core/Src/fsm_setting.o
 .debug_abbrev  0x00000000000009c8      0x1bb ./Core/Src/global.o
 .debug_abbrev  0x0000000000000b83      0x1b2 ./Core/Src/i2c_lcd.o
 .debug_abbrev  0x0000000000000d35      0x300 ./Core/Src/main.o
 .debug_abbrev  0x0000000000001035      0x24a ./Core/Src/scheduler.o
 .debug_abbrev  0x000000000000127f      0x247 ./Core/Src/stm32f1xx_hal_msp.o
 .debug_abbrev  0x00000000000014c6      0x206 ./Core/Src/stm32f1xx_it.o
 .debug_abbrev  0x00000000000016cc      0x14e ./Core/Src/system_stm32f1xx.o
 .debug_abbrev  0x000000000000181a       0x12 ./Core/Startup/startup_stm32f103rbtx.o
 .debug_abbrev  0x000000000000182c      0x1ed ./Drivers/STM32F1xx_HAL_Driver/Src/stm32f1xx_hal.o
 .debug_abbrev  0x0000000000001a19      0x313 ./Drivers/STM32F1xx_HAL_Driver/Src/stm32f1xx_hal_cortex.o
 .debug_abbrev  0x0000000000001d2c      0x1e8 ./Drivers/STM32F1xx_HAL_Driver/Src/stm32f1xx_hal_gpio.o
 .debug_abbrev  0x0000000000001f14      0x288 ./Drivers/STM32F1xx_HAL_Driver/Src/stm32f1xx_hal_i2c.o
 .debug_abbrev  0x000000000000219c      0x273 ./Drivers/STM32F1xx_HAL_Driver/Src/stm32f1xx_hal_rcc.o
 .debug_abbrev  0x000000000000240f      0x25e ./Drivers/STM32F1xx_HAL_Driver/Src/stm32f1xx_hal_tim.o
 .debug_abbrev  0x000000000000266d      0x266 ./Drivers/STM32F1xx_HAL_Driver/Src/stm32f1xx_hal_tim_ex.o
 .debug_abbrev  0x00000000000028d3      0x2eb ./Drivers/STM32F1xx_HAL_Driver/Src/stm32f1xx_hal_uart.o

.debug_aranges  0x0000000000000000      0xf80
 .debug_aranges
                0x0000000000000000       0x40 ./Core/Src/button.o
 .debug_aranges
                0x0000000000000040       0x28 ./Core/Src/control_traffic.o
 .debug_aranges
                0x0000000000000068       0x20 ./Core/Src/fsm_automatic.o
 .debug_aranges
                0x0000000000000088       0x20 ./Core/Src/fsm_manual.o
 .debug_aranges
                0x00000000000000a8       0x20 ./Core/Src/fsm_setting.o
 .debug_aranges
                0x00000000000000c8       0x18 ./Core/Src/global.o
 .debug_aranges
                0x00000000000000e0       0x48 ./Core/Src/i2c_lcd.o
 .debug_aranges
                0x0000000000000128       0x58 ./Core/Src/main.o
 .debug_aranges
                0x0000000000000180       0x40 ./Core/Src/scheduler.o
 .debug_aranges
                0x00000000000001c0       0x50 ./Core/Src/stm32f1xx_hal_msp.o
 .debug_aranges
                0x0000000000000210       0x70 ./Core/Src/stm32f1xx_it.o
 .debug_aranges
                0x0000000000000280       0x28 ./Core/Src/system_stm32f1xx.o
 .debug_aranges
                0x00000000000002a8       0x28 ./Core/Startup/startup_stm32f103rbtx.o
 .debug_aranges
                0x00000000000002d0       0xe0 ./Drivers/STM32F1xx_HAL_Driver/Src/stm32f1xx_hal.o
 .debug_aranges
                0x00000000000003b0      0x100 ./Drivers/STM32F1xx_HAL_Driver/Src/stm32f1xx_hal_cortex.o
 .debug_aranges
                0x00000000000004b0       0x58 ./Drivers/STM32F1xx_HAL_Driver/Src/stm32f1xx_hal_gpio.o
 .debug_aranges
                0x0000000000000508      0x2a8 ./Drivers/STM32F1xx_HAL_Driver/Src/stm32f1xx_hal_i2c.o
 .debug_aranges
                0x00000000000007b0       0x90 ./Drivers/STM32F1xx_HAL_Driver/Src/stm32f1xx_hal_rcc.o
 .debug_aranges
                0x0000000000000840      0x3d0 ./Drivers/STM32F1xx_HAL_Driver/Src/stm32f1xx_hal_tim.o
 .debug_aranges
                0x0000000000000c10      0x168 ./Drivers/STM32F1xx_HAL_Driver/Src/stm32f1xx_hal_tim_ex.o
 .debug_aranges
                0x0000000000000d78      0x208 ./Drivers/STM32F1xx_HAL_Driver/Src/stm32f1xx_hal_uart.o

.debug_ranges   0x0000000000000000      0xe78
 .debug_ranges  0x0000000000000000       0x30 ./Core/Src/button.o
 .debug_ranges  0x0000000000000030       0x18 ./Core/Src/control_traffic.o
 .debug_ranges  0x0000000000000048       0x10 ./Core/Src/fsm_automatic.o
 .debug_ranges  0x0000000000000058       0x10 ./Core/Src/fsm_manual.o
 .debug_ranges  0x0000000000000068       0x10 ./Core/Src/fsm_setting.o
 .debug_ranges  0x0000000000000078       0x38 ./Core/Src/i2c_lcd.o
 .debug_ranges  0x00000000000000b0       0x48 ./Core/Src/main.o
 .debug_ranges  0x00000000000000f8       0x30 ./Core/Src/scheduler.o
 .debug_ranges  0x0000000000000128       0x40 ./Core/Src/stm32f1xx_hal_msp.o
 .debug_ranges  0x0000000000000168       0x60 ./Core/Src/stm32f1xx_it.o
 .debug_ranges  0x00000000000001c8       0x18 ./Core/Src/system_stm32f1xx.o
 .debug_ranges  0x00000000000001e0       0x20 ./Core/Startup/startup_stm32f103rbtx.o
 .debug_ranges  0x0000000000000200       0xd0 ./Drivers/STM32F1xx_HAL_Driver/Src/stm32f1xx_hal.o
 .debug_ranges  0x00000000000002d0       0xf0 ./Drivers/STM32F1xx_HAL_Driver/Src/stm32f1xx_hal_cortex.o
 .debug_ranges  0x00000000000003c0       0x48 ./Drivers/STM32F1xx_HAL_Driver/Src/stm32f1xx_hal_gpio.o
 .debug_ranges  0x0000000000000408      0x2b0 ./Drivers/STM32F1xx_HAL_Driver/Src/stm32f1xx_hal_i2c.o
 .debug_ranges  0x00000000000006b8       0x80 ./Drivers/STM32F1xx_HAL_Driver/Src/stm32f1xx_hal_rcc.o
 .debug_ranges  0x0000000000000738      0x3c0 ./Drivers/STM32F1xx_HAL_Driver/Src/stm32f1xx_hal_tim.o
 .debug_ranges  0x0000000000000af8      0x158 ./Drivers/STM32F1xx_HAL_Driver/Src/stm32f1xx_hal_tim_ex.o
 .debug_ranges  0x0000000000000c50      0x228 ./Drivers/STM32F1xx_HAL_Driver/Src/stm32f1xx_hal_uart.o

.debug_macro    0x0000000000000000    0x19d28
 .debug_macro   0x0000000000000000      0x3b0 ./Core/Src/button.o
 .debug_macro   0x00000000000003b0      0xa9c ./Core/Src/button.o
 .debug_macro   0x0000000000000e4c      0x221 ./Core/Src/button.o
 .debug_macro   0x000000000000106d       0x2e ./Core/Src/button.o
 .debug_macro   0x000000000000109b       0x22 ./Core/Src/button.o
 .debug_macro   0x00000000000010bd       0x22 ./Core/Src/button.o
 .debug_macro   0x00000000000010df       0x8e ./Core/Src/button.o
 .debug_macro   0x000000000000116d       0x51 ./Core/Src/button.o
 .debug_macro   0x00000000000011be      0x103 ./Core/Src/button.o
 .debug_macro   0x00000000000012c1       0x6a ./Core/Src/button.o
 .debug_macro   0x000000000000132b      0x1df ./Core/Src/button.o
 .debug_macro   0x000000000000150a       0x1c ./Core/Src/button.o
 .debug_macro   0x0000000000001526       0x22 ./Core/Src/button.o
 .debug_macro   0x0000000000001548       0xc3 ./Core/Src/button.o
 .debug_macro   0x000000000000160b      0xd23 ./Core/Src/button.o
 .debug_macro   0x000000000000232e     0xe09e ./Core/Src/button.o
 .debug_macro   0x00000000000103cc       0x6d ./Core/Src/button.o
 .debug_macro   0x0000000000010439     0x34a2 ./Core/Src/button.o
 .debug_macro   0x00000000000138db      0x174 ./Core/Src/button.o
 .debug_macro   0x0000000000013a4f       0x5c ./Core/Src/button.o
 .debug_macro   0x0000000000013aab      0x5bc ./Core/Src/button.o
 .debug_macro   0x0000000000014067      0x289 ./Core/Src/button.o
 .debug_macro   0x00000000000142f0      0x1cb ./Core/Src/button.o
 .debug_macro   0x00000000000144bb      0x114 ./Core/Src/button.o
 .debug_macro   0x00000000000145cf      0x1b2 ./Core/Src/button.o
 .debug_macro   0x0000000000014781       0x27 ./Core/Src/button.o
 .debug_macro   0x00000000000147a8      0x136 ./Core/Src/button.o
 .debug_macro   0x00000000000148de      0x1bc ./Core/Src/button.o
 .debug_macro   0x0000000000014a9a       0x34 ./Core/Src/button.o
 .debug_macro   0x0000000000014ace       0x3c ./Core/Src/button.o
 .debug_macro   0x0000000000014b0a       0x57 ./Core/Src/button.o
 .debug_macro   0x0000000000014b61       0x87 ./Core/Src/button.o
 .debug_macro   0x0000000000014be8      0x240 ./Core/Src/button.o
 .debug_macro   0x0000000000014e28      0x287 ./Core/Src/button.o
 .debug_macro   0x00000000000150af      0x140 ./Core/Src/button.o
 .debug_macro   0x00000000000151ef      0x8ed ./Core/Src/button.o
 .debug_macro   0x0000000000015adc      0x28e ./Core/Src/button.o
 .debug_macro   0x0000000000015d6a       0x83 ./Core/Src/button.o
 .debug_macro   0x0000000000015ded       0x52 ./Core/Src/button.o
 .debug_macro   0x0000000000015e3f       0x18 ./Core/Src/button.o
 .debug_macro   0x0000000000015e57       0x3c ./Core/Src/button.o
 .debug_macro   0x0000000000015e93       0x34 ./Core/Src/button.o
 .debug_macro   0x0000000000015ec7       0x16 ./Core/Src/button.o
 .debug_macro   0x0000000000015edd       0x43 ./Core/Src/button.o
 .debug_macro   0x0000000000015f20       0x34 ./Core/Src/button.o
 .debug_macro   0x0000000000015f54       0x10 ./Core/Src/button.o
 .debug_macro   0x0000000000015f64       0x58 ./Core/Src/button.o
 .debug_macro   0x0000000000015fbc       0x71 ./Core/Src/button.o
 .debug_macro   0x000000000001602d       0x1c ./Core/Src/button.o
 .debug_macro   0x0000000000016049      0x12a ./Core/Src/button.o
 .debug_macro   0x0000000000016173      0x333 ./Core/Src/button.o
 .debug_macro   0x00000000000164a6       0x10 ./Core/Src/button.o
 .debug_macro   0x00000000000164b6       0x35 ./Core/Src/button.o
 .debug_macro   0x00000000000164eb       0x20 ./Core/Src/button.o
 .debug_macro   0x000000000001650b       0x1c ./Core/Src/button.o
 .debug_macro   0x0000000000016527       0x10 ./Core/Src/button.o
 .debug_macro   0x0000000000016537       0x10 ./Core/Src/button.o
 .debug_macro   0x0000000000016547       0x1c ./Core/Src/button.o
 .debug_macro   0x0000000000016563       0x52 ./Core/Src/button.o
 .debug_macro   0x00000000000165b5       0x22 ./Core/Src/button.o
 .debug_macro   0x00000000000165d7       0x10 ./Core/Src/button.o
 .debug_macro   0x00000000000165e7       0x40 ./Core/Src/button.o
 .debug_macro   0x0000000000016627       0xd5 ./Core/Src/button.o
 .debug_macro   0x00000000000166fc       0x1c ./Core/Src/button.o
 .debug_macro   0x0000000000016718       0x3d ./Core/Src/button.o
 .debug_macro   0x0000000000016755       0x16 ./Core/Src/button.o
 .debug_macro   0x000000000001676b      0x145 ./Core/Src/button.o
 .debug_macro   0x00000000000168b0       0x58 ./Core/Src/button.o
 .debug_macro   0x0000000000016908       0x10 ./Core/Src/button.o
 .debug_macro   0x0000000000016918       0xca ./Core/Src/button.o
 .debug_macro   0x00000000000169e2       0x10 ./Core/Src/button.o
 .debug_macro   0x00000000000169f2      0x3aa ./Core/Src/control_traffic.o
 .debug_macro   0x0000000000016d9c       0x16 ./Core/Src/control_traffic.o
 .debug_macro   0x0000000000016db2      0x3aa ./Core/Src/fsm_automatic.o
 .debug_macro   0x000000000001715c      0x3aa ./Core/Src/fsm_manual.o
 .debug_macro   0x0000000000017506      0x3aa ./Core/Src/fsm_setting.o
 .debug_macro   0x00000000000178b0      0x3b0 ./Core/Src/global.o
 .debug_macro   0x0000000000017c60       0x52 ./Core/Src/global.o
 .debug_macro   0x0000000000017cb2      0x1bd ./Core/Src/i2c_lcd.o
 .debug_macro   0x0000000000017e6f      0x3a6 ./Core/Src/main.o
 .debug_macro   0x0000000000018215      0x3b7 ./Core/Src/scheduler.o
 .debug_macro   0x00000000000185cc      0x3a6 ./Core/Src/stm32f1xx_hal_msp.o
 .debug_macro   0x0000000000018972      0x3b0 ./Core/Src/stm32f1xx_it.o
 .debug_macro   0x0000000000018d22      0x1ad ./Core/Src/system_stm32f1xx.o
 .debug_macro   0x0000000000018ecf      0x1d1 ./Drivers/STM32F1xx_HAL_Driver/Src/stm32f1xx_hal.o
 .debug_macro   0x00000000000190a0      0x1ad ./Drivers/STM32F1xx_HAL_Driver/Src/stm32f1xx_hal_cortex.o
 .debug_macro   0x000000000001924d      0x218 ./Drivers/STM32F1xx_HAL_Driver/Src/stm32f1xx_hal_gpio.o
 .debug_macro   0x0000000000019465      0x1fb ./Drivers/STM32F1xx_HAL_Driver/Src/stm32f1xx_hal_i2c.o
 .debug_macro   0x0000000000019660      0x1bf ./Drivers/STM32F1xx_HAL_Driver/Src/stm32f1xx_hal_rcc.o
 .debug_macro   0x000000000001981f      0x1ae ./Drivers/STM32F1xx_HAL_Driver/Src/stm32f1xx_hal_tim.o
 .debug_macro   0x00000000000199cd      0x1ad ./Drivers/STM32F1xx_HAL_Driver/Src/stm32f1xx_hal_tim_ex.o
 .debug_macro   0x0000000000019b7a      0x1ae ./Drivers/STM32F1xx_HAL_Driver/Src/stm32f1xx_hal_uart.o

.debug_line     0x0000000000000000    0x169c5
 .debug_line    0x0000000000000000      0xc69 ./Core/Src/button.o
 .debug_line    0x0000000000000c69      0xcb4 ./Core/Src/control_traffic.o
 .debug_line    0x000000000000191d      0xc16 ./Core/Src/fsm_automatic.o
 .debug_line    0x0000000000002533      0xbdd ./Core/Src/fsm_manual.o
 .debug_line    0x0000000000003110      0xc23 ./Core/Src/fsm_setting.o
 .debug_line    0x0000000000003d33      0xb5a ./Core/Src/global.o
 .debug_line    0x000000000000488d      0x7d3 ./Core/Src/i2c_lcd.o
 .debug_line    0x0000000000005060      0xd2d ./Core/Src/main.o
 .debug_line    0x0000000000005d8d      0xccd ./Core/Src/scheduler.o
 .debug_line    0x0000000000006a5a      0xc4e ./Core/Src/stm32f1xx_hal_msp.o
 .debug_line    0x00000000000076a8      0xc70 ./Core/Src/stm32f1xx_it.o
 .debug_line    0x0000000000008318      0x78d ./Core/Src/system_stm32f1xx.o
 .debug_line    0x0000000000008aa5       0x86 ./Core/Startup/startup_stm32f103rbtx.o
 .debug_line    0x0000000000008b2b      0x9ba ./Drivers/STM32F1xx_HAL_Driver/Src/stm32f1xx_hal.o
 .debug_line    0x00000000000094e5      0xba2 ./Drivers/STM32F1xx_HAL_Driver/Src/stm32f1xx_hal_cortex.o
 .debug_line    0x000000000000a087      0xa53 ./Drivers/STM32F1xx_HAL_Driver/Src/stm32f1xx_hal_gpio.o
 .debug_line    0x000000000000aada     0x3b50 ./Drivers/STM32F1xx_HAL_Driver/Src/stm32f1xx_hal_i2c.o
 .debug_line    0x000000000000e62a      0xdc6 ./Drivers/STM32F1xx_HAL_Driver/Src/stm32f1xx_hal_rcc.o
 .debug_line    0x000000000000f3f0     0x3454 ./Drivers/STM32F1xx_HAL_Driver/Src/stm32f1xx_hal_tim.o
 .debug_line    0x0000000000012844     0x1900 ./Drivers/STM32F1xx_HAL_Driver/Src/stm32f1xx_hal_tim_ex.o
 .debug_line    0x0000000000014144     0x2881 ./Drivers/STM32F1xx_HAL_Driver/Src/stm32f1xx_hal_uart.o

.debug_str      0x0000000000000000    0x8d45a
 .debug_str     0x0000000000000000    0x892bc ./Core/Src/button.o
                                      0x896a2 (size before relaxing)
 .debug_str     0x00000000000892bc       0x3b ./Core/Src/control_traffic.o
                                      0x89638 (size before relaxing)
 .debug_str     0x00000000000892f7       0x2a ./Core/Src/fsm_automatic.o
                                      0x895f6 (size before relaxing)
 .debug_str     0x0000000000089321       0x24 ./Core/Src/fsm_manual.o
                                      0x895f0 (size before relaxing)
 .debug_str     0x0000000000089345       0x39 ./Core/Src/fsm_setting.o
                                      0x89605 (size before relaxing)
 .debug_str     0x000000000008937e       0x15 ./Core/Src/global.o
                                      0x895e1 (size before relaxing)
 .debug_str     0x0000000000089393      0x47b ./Core/Src/i2c_lcd.o
                                      0x854be (size before relaxing)
 .debug_str     0x000000000008980e      0x97f ./Core/Src/main.o
                                      0x8a513 (size before relaxing)
 .debug_str     0x000000000008a18d       0xa7 ./Core/Src/scheduler.o
                                      0x89687 (size before relaxing)
 .debug_str     0x000000000008a234       0xe1 ./Core/Src/stm32f1xx_hal_msp.o
                                      0x8a341 (size before relaxing)
 .debug_str     0x000000000008a315       0xe2 ./Core/Src/stm32f1xx_it.o
                                      0x89b7c (size before relaxing)
 .debug_str     0x000000000008a3f7       0x52 ./Core/Src/system_stm32f1xx.o
                                      0x8502c (size before relaxing)
 .debug_str     0x000000000008a449       0x36 ./Core/Startup/startup_stm32f103rbtx.o
                                         0x62 (size before relaxing)
 .debug_str     0x000000000008a47f      0x304 ./Drivers/STM32F1xx_HAL_Driver/Src/stm32f1xx_hal.o
                                      0x856bd (size before relaxing)
 .debug_str     0x000000000008a783      0x300 ./Drivers/STM32F1xx_HAL_Driver/Src/stm32f1xx_hal_cortex.o
                                      0x856c5 (size before relaxing)
 .debug_str     0x000000000008aa83      0x324 ./Drivers/STM32F1xx_HAL_Driver/Src/stm32f1xx_hal_gpio.o
                                      0x853f0 (size before relaxing)
 .debug_str     0x000000000008ada7      0xb9a ./Drivers/STM32F1xx_HAL_Driver/Src/stm32f1xx_hal_i2c.o
                                      0x860bb (size before relaxing)
 .debug_str     0x000000000008b941      0x244 ./Drivers/STM32F1xx_HAL_Driver/Src/stm32f1xx_hal_rcc.o
                                      0x85429 (size before relaxing)
 .debug_str     0x000000000008bb85      0xdd8 ./Drivers/STM32F1xx_HAL_Driver/Src/stm32f1xx_hal_tim.o
                                      0x86412 (size before relaxing)
 .debug_str     0x000000000008c95d      0x4ee ./Drivers/STM32F1xx_HAL_Driver/Src/stm32f1xx_hal_tim_ex.o
                                      0x85bb3 (size before relaxing)
 .debug_str     0x000000000008ce4b      0x60f ./Drivers/STM32F1xx_HAL_Driver/Src/stm32f1xx_hal_uart.o
                                      0x85a81 (size before relaxing)

.comment        0x0000000000000000       0x53
 .comment       0x0000000000000000       0x53 ./Core/Src/button.o
                                         0x54 (size before relaxing)
 .comment       0x0000000000000053       0x54 ./Core/Src/control_traffic.o
 .comment       0x0000000000000053       0x54 ./Core/Src/fsm_automatic.o
 .comment       0x0000000000000053       0x54 ./Core/Src/fsm_manual.o
 .comment       0x0000000000000053       0x54 ./Core/Src/fsm_setting.o
 .comment       0x0000000000000053       0x54 ./Core/Src/global.o
 .comment       0x0000000000000053       0x54 ./Core/Src/i2c_lcd.o
 .comment       0x0000000000000053       0x54 ./Core/Src/main.o
 .comment       0x0000000000000053       0x54 ./Core/Src/scheduler.o
 .comment       0x0000000000000053       0x54 ./Core/Src/stm32f1xx_hal_msp.o
 .comment       0x0000000000000053       0x54 ./Core/Src/stm32f1xx_it.o
 .comment       0x0000000000000053       0x54 ./Core/Src/system_stm32f1xx.o
 .comment       0x0000000000000053       0x54 ./Drivers/STM32F1xx_HAL_Driver/Src/stm32f1xx_hal.o
 .comment       0x0000000000000053       0x54 ./Drivers/STM32F1xx_HAL_Driver/Src/stm32f1xx_hal_cortex.o
 .comment       0x0000000000000053       0x54 ./Drivers/STM32F1xx_HAL_Driver/Src/stm32f1xx_hal_gpio.o
 .comment       0x0000000000000053       0x54 ./Drivers/STM32F1xx_HAL_Driver/Src/stm32f1xx_hal_i2c.o
 .comment       0x0000000000000053       0x54 ./Drivers/STM32F1xx_HAL_Driver/Src/stm32f1xx_hal_rcc.o
 .comment       0x0000000000000053       0x54 ./Drivers/STM32F1xx_HAL_Driver/Src/stm32f1xx_hal_tim.o
 .comment       0x0000000000000053       0x54 ./Drivers/STM32F1xx_HAL_Driver/Src/stm32f1xx_hal_tim_ex.o
 .comment       0x0000000000000053       0x54 ./Drivers/STM32F1xx_HAL_Driver/Src/stm32f1xx_hal_uart.o

.debug_frame    0x0000000000000000     0x3fc0
 .debug_frame   0x0000000000000000       0xd0 ./Core/Src/button.o
 .debug_frame   0x00000000000000d0       0x50 ./Core/Src/control_traffic.o
 .debug_frame   0x0000000000000120       0x2c ./Core/Src/fsm_automatic.o
 .debug_frame   0x000000000000014c       0x2c ./Core/Src/fsm_manual.o
 .debug_frame   0x0000000000000178       0x2c ./Core/Src/fsm_setting.o
 .debug_frame   0x00000000000001a4       0xd8 ./Core/Src/i2c_lcd.o
 .debug_frame   0x000000000000027c      0x10c ./Core/Src/main.o
 .debug_frame   0x0000000000000388       0xd0 ./Core/Src/scheduler.o
 .debug_frame   0x0000000000000458      0x110 ./Core/Src/stm32f1xx_hal_msp.o
 .debug_frame   0x0000000000000568      0x13c ./Core/Src/stm32f1xx_it.o
 .debug_frame   0x00000000000006a4       0x58 ./Core/Src/system_stm32f1xx.o
 .debug_frame   0x00000000000006fc      0x334 ./Drivers/STM32F1xx_HAL_Driver/Src/stm32f1xx_hal.o
 .debug_frame   0x0000000000000a30      0x428 ./Drivers/STM32F1xx_HAL_Driver/Src/stm32f1xx_hal_cortex.o
 .debug_frame   0x0000000000000e58      0x14c ./Drivers/STM32F1xx_HAL_Driver/Src/stm32f1xx_hal_gpio.o
 .debug_frame   0x0000000000000fa4      0xc84 ./Drivers/STM32F1xx_HAL_Driver/Src/stm32f1xx_hal_i2c.o
 .debug_frame   0x0000000000001c28      0x218 ./Drivers/STM32F1xx_HAL_Driver/Src/stm32f1xx_hal_rcc.o
 .debug_frame   0x0000000000001e40     0x11b8 ./Drivers/STM32F1xx_HAL_Driver/Src/stm32f1xx_hal_tim.o
 .debug_frame   0x0000000000002ff8      0x638 ./Drivers/STM32F1xx_HAL_Driver/Src/stm32f1xx_hal_tim_ex.o
 .debug_frame   0x0000000000003630      0x944 ./Drivers/STM32F1xx_HAL_Driver/Src/stm32f1xx_hal_uart.o
 .debug_frame   0x0000000000003f74       0x2c d:/documents for work/st/stm32cubeide_1.7.0/stm32cubeide/plugins/com.st.stm32cube.ide.mcu.externaltools.gnu-tools-for-stm32.9-2020-q2-update.win32_2.0.0.202105311346/tools/bin/../lib/gcc/arm-none-eabi/9.3.1/../../../../arm-none-eabi/lib/thumb/v7-m/nofp\libc_nano.a(lib_a-init.o)
 .debug_frame   0x0000000000003fa0       0x20 d:/documents for work/st/stm32cubeide_1.7.0/stm32cubeide/plugins/com.st.stm32cube.ide.mcu.externaltools.gnu-tools-for-stm32.9-2020-q2-update.win32_2.0.0.202105311346/tools/bin/../lib/gcc/arm-none-eabi/9.3.1/../../../../arm-none-eabi/lib/thumb/v7-m/nofp\libc_nano.a(lib_a-memset.o)
